
> next-app-template@0.0.1 build
> next build

   Γû▓ Next.js 15.0.4
   - Environments: .env.local

   Creating an optimized production build ...
 Γ£ô Compiled successfully
   Skipping linting
   Checking validity of types ...
   Collecting page data ...
node.exe :  ΓÜá Using edge runtime on a page currently disables static generation for that page
At C:\Program Files\nodejs\npm.ps1:29 char:3
+   & $NODE_EXE $NPM_CLI_JS $args
+   ~~~~~~~~~~~~~~~~~~~~~~~~~~~~~
    + CategoryInfo          : NotSpecified: ( ΓÜá Using edge...n for that page:String) [], RemoteException
    + FullyQualifiedErrorId : NativeCommandError
 
   Generating static pages (0/38) ...
   Generating static pages (9/38) 
   Generating static pages (18/38) 
 Γ¿» useSearchParams() should be wrapped in a suspense boundary at page "/quotation". Read more: 
https://nextjs.org/docs/messages/missing-suspense-with-csr-bailout
    at o (H:\My Projects\GKI-CRM\.next\server\chunks\6192.js:1:86216)
    at d (H:\My Projects\GKI-CRM\.next\server\chunks\6192.js:1:99376)
    at c (H:\My Projects\GKI-CRM\.next\server\app\quotation\page.js:1:2534)
    at n$ (H:\My Projects\GKI-CRM\node_modules\next\dist\compiled\next-server\app-page.runtime.prod.js:20:45906)
    at nI (H:\My Projects\GKI-CRM\node_modules\next\dist\compiled\next-server\app-page.runtime.prod.js:20:47681)
    at nL (H:\My Projects\GKI-CRM\node_modules\next\dist\compiled\next-server\app-page.runtime.prod.js:20:65480)
    at nN (H:\My Projects\GKI-CRM\node_modules\next\dist\compiled\next-server\app-page.runtime.prod.js:20:63111)
    at nO (H:\My Projects\GKI-CRM\node_modules\next\dist\compiled\next-server\app-page.runtime.prod.js:20:46258)
    at nI (H:\My Projects\GKI-CRM\node_modules\next\dist\compiled\next-server\app-page.runtime.prod.js:20:47727)
    at nI (H:\My Projects\GKI-CRM\node_modules\next\dist\compiled\next-server\app-page.runtime.prod.js:20:62462)
Error occurred prerendering page "/quotation". Read more: https://nextjs.org/docs/messages/prerender-error
Export encountered an error on /quotation/page: /quotation, exiting the build.
 Γ¿» Static worker exited with code: 1 and signal: null
